2026-07-17 09:29:29 Loaded main app package /usr/lib/obsidian/obsidian.asar
2026-07-17 09:29:30 Checking for update using Github
2026-07-17 09:29:31 Success.
2026-07-17 09:29:31 Latest version is 1.12.7
2026-07-17 09:29:31 App is up to date.
2026-07-17 09:32:18 Loaded main app package /usr/lib/obsidian/obsidian.asar
2026-07-17 09:32:18 Checking for update using Github
2026-07-17 09:32:19 Success.
2026-07-17 09:32:19 Latest version is 1.12.7
2026-07-17 09:32:19 App is up to date.
2026-07-17 09:33:37 Loaded main app package /usr/lib/obsidian/obsidian.asar
2026-07-17 09:33:38 Checking for update using Github
2026-07-17 09:33:38 Success.
2026-07-17 09:33:38 Latest version is 1.12.7
2026-07-17 09:33:38 App is up to date.
2026-07-17 09:35:52 Loaded main app package /usr/lib/obsidian/obsidian.asar
2026-07-17 09:35:52 Checking for update using Github
2026-07-17 09:35:53 Success.
2026-07-17 09:35:53 Latest version is 1.12.7
2026-07-17 09:35:53 App is up to date.
2026-07-17 09:37:54 Loaded main app package /usr/lib/obsidian/obsidian.asar
2026-07-17 09:37:54 Checking for update using Github
2026-07-17 09:37:55 Success.
2026-07-17 09:37:55 Latest version is 1.12.7
2026-07-17 09:37:55 App is up to date.
2026-07-17 09:50:32 Loaded main app package /usr/lib/obsidian/obsidian.asar
2026-07-17 09:50:32 Checking for update using Github
2026-07-17 09:50:33 Success.
2026-07-17 09:50:33 Latest version is 1.12.7
2026-07-17 09:50:33 App is up to date.
2026-07-17 10:28:14 Loaded main app package /usr/lib/obsidian/obsidian.asar
2026-07-17 10:28:14 Checking for update using Github
2026-07-17 10:28:15 Success.
2026-07-17 10:28:15 Latest version is 1.12.7
2026-07-17 10:28:15 App is up to date.
2026-07-18 05:48:19 Loaded main app package /usr/lib/obsidian/obsidian.asar
2026-07-18 05:48:20 Checking for update using Github
2026-07-18 05:48:20 Success.
2026-07-18 05:48:20 Latest version is 1.12.7
2026-07-18 05:48:20 App is up to date.
2026-07-18 17:54:24 Loaded main app package /usr/lib/obsidian/obsidian.asar
2026-07-18 17:54:24 Checking for update using Github
2026-07-18 17:54:25 Success.
2026-07-18 17:54:25 Latest version is 1.12.7
2026-07-18 17:54:25 App is up to date.
2026-07-18 18:19:33 Loaded main app package /usr/lib/obsidian/obsidian.asar
2026-07-18 18:26:16 Loaded main app package /usr/lib/obsidian/obsidian.asar
2026-07-18 18:26:16 Checking for update using Github
2026-07-18 18:26:17 Success.
2026-07-18 18:26:17 Latest version is 1.12.7
2026-07-18 18:26:17 App is up to date.
2026-07-19 07:28:37 Loaded main app package /usr/lib/obsidian/obsidian.asar
2026-07-19 07:28:38 Checking for update using Github
2026-07-19 07:28:39 Success.
2026-07-19 07:28:39 Latest version is 1.12.7
2026-07-19 07:28:39 App is up to date.
2026-07-19 10:09:20 Loaded main app package /usr/lib/obsidian/obsidian.asar
2026-07-19 10:09:21 Checking for update using Github
2026-07-19 10:09:21 Success.
2026-07-19 10:09:21 Latest version is 1.12.7
2026-07-19 10:09:21 App is up to date.
2026-07-19 10:18:50 Loaded main app package /usr/lib/obsidian/obsidian.asar
2026-07-19 10:18:50 Checking for update using Github
2026-07-19 10:18:51 Success.
2026-07-19 10:18:51 Latest version is 1.12.7
2026-07-19 10:18:51 App is up to date.
2026-07-19 10:22:39 Loaded main app package /usr/lib/obsidian/obsidian.asar
2026-07-19 10:22:39 Checking for update using Github
2026-07-19 10:22:39 Success.
2026-07-19 10:22:39 Latest version is 1.12.7
2026-07-19 10:22:39 App is up to date.
2026-07-19 13:07:23 Loaded main app package /usr/lib/obsidian/obsidian.asar
2026-07-19 13:07:24 Checking for update using Github
2026-07-19 13:07:24 Success.
2026-07-19 13:07:24 Latest version is 1.12.7
2026-07-19 13:07:24 App is up to date.
2026-07-19 13:10:59 Loaded main app package /usr/lib/obsidian/obsidian.asar
2026-07-19 13:11:00 Checking for update using Github
2026-07-19 13:11:00 Success.
2026-07-19 13:11:00 Latest version is 1.12.7
2026-07-19 13:11:00 App is up to date.
2026-07-19 14:49:36 Loaded main app package /usr/lib/obsidian/obsidian.asar
2026-07-19 14:49:36 Checking for update using Github
2026-07-19 14:49:37 Success.
2026-07-19 14:49:37 Latest version is 1.12.7
2026-07-19 14:49:37 App is up to date.
2026-07-19 15:07:40 Loaded main app package /usr/lib/obsidian/obsidian.asar
2026-07-19 15:07:41 Checking for update using Github
2026-07-19 15:07:41 Success.
2026-07-19 15:07:41 Latest version is 1.12.7
2026-07-19 15:07:41 App is up to date.
2026-07-19 15:14:52 Loaded main app package /usr/lib/obsidian/obsidian.asar
2026-07-19 15:14:52 Checking for update using Github
2026-07-19 15:14:53 Success.
2026-07-19 15:14:53 Latest version is 1.12.7
2026-07-19 15:14:53 App is up to date.
2026-07-19 15:24:12 Loaded main app package /usr/lib/obsidian/obsidian.asar
2026-07-19 15:24:13 Checking for update using Github
2026-07-19 15:24:13 Success.
2026-07-19 15:24:13 Latest version is 1.12.7
2026-07-19 15:24:13 App is up to date.
2026-07-19 15:25:04 Loaded main app package /usr/lib/obsidian/obsidian.asar
2026-07-19 15:25:04 Checking for update using Github
2026-07-19 15:25:05 Success.
2026-07-19 15:25:05 Latest version is 1.12.7
2026-07-19 15:25:05 App is up to date.
2026-07-19 15:42:43 Loaded main app package /usr/lib/obsidian/obsidian.asar
2026-07-19 15:42:43 Checking for update using Github
2026-07-19 15:42:44 Success.
2026-07-19 15:42:44 Latest version is 1.12.7
2026-07-19 15:42:44 App is up to date.
2026-07-19 18:58:51 Loaded main app package /usr/lib/obsidian/obsidian.asar
2026-07-19 18:58:52 Checking for update using Github
2026-07-19 18:58:52 Success.
2026-07-19 18:58:52 Latest version is 1.12.7
2026-07-19 18:58:52 App is up to date.
2026-07-19 19:03:17 Loaded main app package /usr/lib/obsidian/obsidian.asar
2026-07-20 06:37:45 Loaded main app package /usr/lib/obsidian/obsidian.asar
2026-07-20 06:37:46 Checking for update using Github
2026-07-20 06:37:47 Success.
2026-07-20 06:37:47 Latest version is 1.12.7
2026-07-20 06:37:47 App is up to date.
2026-07-20 06:38:14 Loaded main app package /usr/lib/obsidian/obsidian.asar
2026-07-20 06:38:14 Checking for update using Github
2026-07-20 06:38:14 Success.
2026-07-20 06:38:14 Latest version is 1.12.7
2026-07-20 06:38:14 App is up to date.
2026-07-20 06:39:42 Loaded main app package /usr/lib/obsidian/obsidian.asar
2026-07-20 06:39:43 Checking for update using Github
2026-07-20 06:39:43 Success.
2026-07-20 06:39:43 Latest version is 1.12.7
2026-07-20 06:39:43 App is up to date.
2026-07-20 10:18:21 Loaded main app package /usr/lib/obsidian/obsidian.asar
2026-07-20 10:18:21 Checking for update using Github
2026-07-20 10:18:21 Success.
2026-07-20 10:18:21 Latest version is 1.12.7
2026-07-20 10:18:21 App is up to date.
2026-07-20 12:00:55 Loaded main app package /usr/lib/obsidian/obsidian.asar
2026-07-20 12:00:55 Checking for update using Github
2026-07-20 12:00:55 Success.
2026-07-20 12:00:55 Latest version is 1.12.7
2026-07-20 12:00:55 App is up to date.
2026-07-20 12:01:02 Loaded main app package /usr/lib/obsidian/obsidian.asar
2026-07-20 12:01:02 Checking for update using Github
2026-07-20 12:01:02 Success.
2026-07-20 12:01:02 Latest version is 1.12.7
2026-07-20 12:01:02 App is up to date.
2026-07-20 16:25:08 Loaded main app package /usr/lib/obsidian/obsidian.asar
2026-07-20 16:25:09 Checking for update using Github
2026-07-20 16:25:10 Success.
2026-07-20 16:25:10 Latest version is 1.12.7
2026-07-20 16:25:10 App is up to date.
2026-07-20 16:25:22 Loaded main app package /usr/lib/obsidian/obsidian.asar
2026-07-20 17:29:58 Loaded main app package /usr/lib/obsidian/obsidian.asar
2026-07-20 17:29:59 Checking for update using Github
2026-07-20 17:30:00 Success.
2026-07-20 17:30:00 Latest version is 1.12.7
2026-07-20 17:30:00 App is up to date.
2026-07-20 19:32:54 Loaded main app package /usr/lib/obsidian/obsidian.asar
2026-07-20 19:32:54 Checking for update using Github
2026-07-20 19:33:00 Success.
2026-07-20 19:33:00 Latest version is 1.12.7
2026-07-20 19:33:00 App is up to date.
2026-07-21 05:45:53 Loaded main app package /usr/lib/obsidian/obsidian.asar
2026-07-21 05:45:54 Checking for update using Github
2026-07-21 05:45:55 Success.
2026-07-21 05:45:55 Latest version is 1.12.7
2026-07-21 05:45:55 App is up to date.
2026-07-21 05:46:00 Loaded main app package /usr/lib/obsidian/obsidian.asar
2026-07-21 05:46:00 Checking for update using Github
2026-07-21 05:46:00 Success.
2026-07-21 05:46:00 Latest version is 1.12.7
2026-07-21 05:46:00 App is up to date.
2026-07-21 11:06:03 Loaded main app package /usr/lib/obsidian/obsidian.asar
2026-07-21 11:06:03 Checking for update using Github
2026-07-21 11:06:04 Success.
2026-07-21 11:06:04 Latest version is 1.12.7
2026-07-21 11:06:04 App is up to date.
2026-07-21 11:09:38 Loaded main app package /usr/lib/obsidian/obsidian.asar
2026-07-21 11:09:39 Checking for update using Github
2026-07-21 11:09:39 Success.
2026-07-21 11:09:39 Latest version is 1.12.7
2026-07-21 11:09:39 App is up to date.
2026-07-21 11:49:40 Loaded main app package /usr/lib/obsidian/obsidian.asar
2026-07-21 11:49:41 Checking for update using Github
2026-07-21 11:49:41 Success.
2026-07-21 11:49:41 Latest version is 1.12.7
2026-07-21 11:49:41 App is up to date.
2026-07-21 11:59:28 Loaded main app package /usr/lib/obsidian/obsidian.asar
2026-07-21 11:59:29 Checking for update using Github
2026-07-21 11:59:29 Success.
2026-07-21 11:59:29 Latest version is 1.12.7
2026-07-21 11:59:29 App is up to date.
2026-07-21 12:37:52 Loaded main app package /usr/lib/obsidian/obsidian.asar
2026-07-21 12:37:52 Checking for update using Github
2026-07-21 12:37:53 Success.
2026-07-21 12:37:53 Latest version is 1.12.7
2026-07-21 12:37:53 App is up to date.
2026-07-21 15:22:42 Loaded main app package /usr/lib/obsidian/obsidian.asar
2026-07-21 15:22:43 Checking for update using Github
2026-07-21 15:22:43 Success.
2026-07-21 15:22:43 Latest version is 1.12.7
2026-07-21 15:22:43 App is up to date.
2026-07-21 16:44:27 Loaded main app package /usr/lib/obsidian/obsidian.asar
2026-07-21 16:44:27 Checking for update using Github
2026-07-21 16:44:28 Success.
2026-07-21 16:44:28 Latest version is 1.12.7
2026-07-21 16:44:28 App is up to date.
2026-07-21 16:55:22 Loaded main app package /usr/lib/obsidian/obsidian.asar
2026-07-21 16:55:23 Checking for update using Github
2026-07-21 16:55:23 Success.
2026-07-21 16:55:23 Latest version is 1.12.7
2026-07-21 16:55:23 App is up to date.
2026-07-21 18:09:41 Loaded main app package /usr/lib/obsidian/obsidian.asar
2026-07-21 18:09:42 Checking for update using Github
2026-07-21 18:09:42 Success.
2026-07-21 18:09:42 Latest version is 1.12.7
2026-07-21 18:09:42 App is up to date.
2026-07-22 06:42:50 Loaded main app package /usr/lib/obsidian/obsidian.asar
2026-07-22 06:42:51 Checking for update using Github
2026-07-22 06:42:52 Success.
2026-07-22 06:42:52 Latest version is 1.12.7
2026-07-22 06:42:52 App is up to date.
2026-07-22 07:03:05 Loaded main app package /usr/lib/obsidian/obsidian.asar
2026-07-22 07:03:05 Checking for update using Github
2026-07-22 07:03:06 Success.
2026-07-22 07:03:06 Latest version is 1.12.7
2026-07-22 07:03:06 App is up to date.
2026-07-22 10:24:49 Loaded main app package /usr/lib/obsidian/obsidian.asar
2026-07-22 10:24:50 Checking for update using Github
2026-07-22 10:24:51 Success.
2026-07-22 10:24:51 Latest version is 1.12.7
2026-07-22 10:24:51 App is up to date.
2026-07-22 11:38:17 Loaded main app package /usr/lib/obsidian/obsidian.asar
2026-07-22 11:38:17 Checking for update using Github
2026-07-22 11:38:17 Success.
2026-07-22 11:38:17 Latest version is 1.12.7
2026-07-22 11:38:17 App is up to date.
2026-07-22 14:14:04 Loaded main app package /usr/lib/obsidian/obsidian.asar
2026-07-22 14:14:04 Checking for update using Github
2026-07-22 14:14:05 Success.
2026-07-22 14:14:05 Latest version is 1.12.7
2026-07-22 14:14:05 App is up to date.
2026-07-22 15:23:26 Loaded main app package /usr/lib/obsidian/obsidian.asar
2026-07-22 15:23:26 Checking for update using Github
2026-07-22 15:23:26 Success.
2026-07-22 15:23:26 Latest version is 1.12.7
2026-07-22 15:23:26 App is up to date.
2026-07-22 16:14:06 Loaded main app package /usr/lib/obsidian/obsidian.asar
2026-07-22 16:14:06 Checking for update using Github
2026-07-22 16:14:06 Success.
2026-07-22 16:14:06 Latest version is 1.12.7
2026-07-22 16:14:06 App is up to date.
2026-07-22 16:18:27 Loaded main app package /usr/lib/obsidian/obsidian.asar
2026-07-22 16:18:28 Checking for update using Github
2026-07-22 16:18:28 Success.
2026-07-22 16:18:28 Latest version is 1.12.7
2026-07-22 16:18:28 App is up to date.
2026-07-22 16:51:36 Loaded main app package /usr/lib/obsidian/obsidian.asar
2026-07-22 16:51:37 Checking for update using Github
2026-07-22 16:51:37 Success.
2026-07-22 16:51:37 Latest version is 1.12.7
2026-07-22 16:51:37 App is up to date.
2026-07-22 16:51:43 Loaded main app package /usr/lib/obsidian/obsidian.asar
2026-07-22 16:51:43 Checking for update using Github
2026-07-22 16:51:43 Success.
2026-07-22 16:51:43 Latest version is 1.12.7
2026-07-22 16:51:43 App is up to date.
2026-07-23 07:01:23 Loaded main app package /usr/lib/obsidian/obsidian.asar
2026-07-23 07:01:24 Checking for update using Github
2026-07-23 07:01:24 Success.
2026-07-23 07:01:24 Latest version is 1.12.7
2026-07-23 07:01:24 App is up to date.
2026-07-23 07:01:49 Loaded main app package /usr/lib/obsidian/obsidian.asar
2026-07-23 07:01:49 Checking for update using Github
2026-07-23 07:01:49 Success.
2026-07-23 07:01:49 Latest version is 1.12.7
2026-07-23 07:01:49 App is up to date.
2026-07-23 08:36:10 Loaded main app package /usr/lib/obsidian/obsidian.asar
2026-07-23 08:36:11 Checking for update using Github
2026-07-23 08:36:12 Success.
2026-07-23 08:36:12 Latest version is 1.12.7
2026-07-23 08:36:12 App is up to date.
2026-07-23 14:54:45 Loaded main app package /usr/lib/obsidian/obsidian.asar
2026-07-23 14:54:45 Checking for update using Github
2026-07-23 14:54:45 Success.
2026-07-23 14:54:45 Latest version is 1.12.7
2026-07-23 14:54:45 App is up to date.
2026-07-23 14:55:02 Loaded main app package /usr/lib/obsidian/obsidian.asar
2026-07-23 15:42:09 Loaded main app package /usr/lib/obsidian/obsidian.asar
2026-07-23 15:42:10 Checking for update using Github
2026-07-23 15:42:10 Success.
2026-07-23 15:42:10 Latest version is 1.12.7
2026-07-23 15:42:10 App is up to date.
2026-07-23 18:38:03 Loaded main app package /usr/lib/obsidian/obsidian.asar
2026-07-23 18:38:03 Checking for update using Github
2026-07-23 18:38:03 Success.
2026-07-23 18:38:03 Latest version is 1.12.7
2026-07-23 18:38:03 App is up to date.
2026-07-24 13:29:34 Loaded main app package /usr/lib/obsidian/obsidian.asar
2026-07-24 13:29:35 Checking for update using Github
2026-07-24 13:29:35 Success.
2026-07-24 13:29:35 Latest version is 1.12.7
2026-07-24 13:29:35 App is up to date.
2026-07-24 14:34:06 Loaded main app package /usr/lib/obsidian/obsidian.asar
2026-07-24 14:34:06 Checking for update using Github
2026-07-24 14:34:07 Success.
2026-07-24 14:34:07 Latest version is 1.12.7
2026-07-24 14:34:07 App is up to date.
2026-07-24 15:37:13 Loaded main app package /usr/lib/obsidian/obsidian.asar
2026-07-24 15:37:13 Checking for update using Github
2026-07-24 15:37:18 Success.
2026-07-24 15:37:18 Latest version is 1.12.7
2026-07-24 15:37:18 App is up to date.
2026-07-24 15:53:06 Loaded main app package /usr/lib/obsidian/obsidian.asar
2026-07-24 15:53:07 Checking for update using Github
2026-07-24 15:53:07 Success.
2026-07-24 15:53:07 Latest version is 1.12.7
2026-07-24 15:53:07 App is up to date.
2026-07-26 12:57:18 Loaded main app package /usr/lib/obsidian/obsidian.asar
2026-07-26 12:57:19 Checking for update using Github
2026-07-26 12:57:19 Success.
2026-07-26 12:57:19 Latest version is 1.12.7
2026-07-26 12:57:19 App is up to date.
2026-07-26 12:59:52 Loaded main app package /usr/lib/obsidian/obsidian.asar
2026-07-26 12:59:53 Checking for update using Github
2026-07-26 12:59:53 Success.
2026-07-26 12:59:53 Latest version is 1.12.7
2026-07-26 12:59:53 App is up to date.
2026-07-26 13:23:32 Loaded main app package /usr/lib/obsidian/obsidian.asar
2026-07-26 13:23:32 Checking for update using Github
2026-07-26 13:23:32 Success.
2026-07-26 13:23:32 Latest version is 1.12.7
2026-07-26 13:23:32 App is up to date.
2026-07-26 13:24:24 Loaded main app package /usr/lib/obsidian/obsidian.asar
2026-07-26 13:24:24 Checking for update using Github
2026-07-26 13:24:24 Success.
2026-07-26 13:24:24 Latest version is 1.12.7
2026-07-26 13:24:24 App is up to date.
2026-07-26 15:36:36 Loaded main app package /usr/lib/obsidian/obsidian.asar
2026-07-26 15:36:36 Checking for update using Github
2026-07-26 15:36:35 Success.
2026-07-26 15:36:35 Latest version is 1.12.7
2026-07-26 15:36:35 App is up to date.
2026-07-26 15:45:00 Loaded main app package /usr/lib/obsidian/obsidian.asar
2026-07-26 15:45:00 Checking for update using Github
2026-07-26 15:44:59 Success.
2026-07-26 15:44:59 Latest version is 1.12.7
2026-07-26 15:44:59 App is up to date.
2026-07-26 16:08:24 Loaded main app package /usr/lib/obsidian/obsidian.asar
2026-07-26 16:08:24 Checking for update using Github
2026-07-26 16:08:25 Success.
2026-07-26 16:08:25 Latest version is 1.12.7
2026-07-26 16:08:25 App is up to date.
2026-07-26 18:08:29 Loaded main app package /usr/lib/obsidian/obsidian.asar
2026-07-26 18:08:29 Checking for update using Github
2026-07-26 18:08:29 Success.
2026-07-26 18:08:29 Latest version is 1.12.7
2026-07-26 18:08:29 App is up to date.
2026-07-27 08:11:06 Loaded main app package /usr/lib/obsidian/obsidian.asar
2026-07-27 08:11:07 Checking for update using Github
2026-07-27 08:11:07 Success.
2026-07-27 08:11:07 Latest version is 1.12.7
2026-07-27 08:11:07 App is up to date.
2026-07-27 08:21:32 Loaded main app package /usr/lib/obsidian/obsidian.asar
2026-07-27 08:21:32 Checking for update using Github
2026-07-27 08:21:33 Success.
2026-07-27 08:21:33 Latest version is 1.12.7
2026-07-27 08:21:33 App is up to date.
2026-07-27 09:53:00 Loaded main app package /usr/lib/obsidian/obsidian.asar
2026-07-27 09:53:00 Checking for update using Github
2026-07-27 09:53:00 Success.
2026-07-27 09:53:00 Latest version is 1.12.7
2026-07-27 09:53:00 App is up to date.
2026-07-28 13:21:28 Loaded main app package /usr/lib/obsidian/obsidian.asar
2026-07-28 13:21:29 Checking for update using Github
2026-07-28 13:21:30 Success.
2026-07-28 13:21:30 Latest version is 1.12.7
2026-07-28 13:21:30 App is up to date.
2026-07-28 15:49:49 Loaded main app package /usr/lib/obsidian/obsidian.asar
2026-07-28 15:49:50 Checking for update using Github
2026-07-28 15:49:51 Success.
2026-07-28 15:49:51 Latest version is 1.12.7
2026-07-28 15:49:51 App is up to date.
2026-07-28 16:17:29 Loaded main app package /usr/lib/obsidian/obsidian.asar
2026-07-28 16:17:29 Checking for update using Github
2026-07-28 16:17:30 Success.
2026-07-28 16:17:30 Latest version is 1.12.7
2026-07-28 16:17:30 App is up to date.
2026-07-28 16:18:41 Loaded main app package /usr/lib/obsidian/obsidian.asar
2026-07-28 16:18:42 Checking for update using Github
2026-07-28 16:18:42 Success.
2026-07-28 16:18:42 Latest version is 1.12.7
2026-07-28 16:18:42 App is up to date.
2026-07-28 18:31:49 Loaded main app package /usr/lib/obsidian/obsidian.asar
2026-07-28 18:31:50 Checking for update using Github
2026-07-28 18:31:50 Success.
2026-07-28 18:31:50 Latest version is 1.12.7
2026-07-28 18:31:50 App is up to date.
2026-07-28 19:12:48 Loaded main app package /usr/lib/obsidian/obsidian.asar
2026-07-28 19:12:48 Checking for update using Github
2026-07-28 19:12:49 Success.
2026-07-28 19:12:49 Latest version is 1.12.7
2026-07-28 19:12:49 App is up to date.
2026-07-29 05:35:12 Loaded main app package /usr/lib/obsidian/obsidian.asar
2026-07-29 05:35:13 Checking for update using Github
2026-07-29 05:35:13 Success.
2026-07-29 05:35:13 Latest version is 1.12.7
2026-07-29 05:35:13 App is up to date.
2026-07-29 15:07:49 Loaded main app package /usr/lib/obsidian/obsidian.asar
2026-07-29 15:07:50 Checking for update using Github
2026-07-29 15:07:50 Success.
2026-07-29 15:07:50 Latest version is 1.12.7
2026-07-29 15:07:50 App is up to date.
2026-07-29 16:49:17 Loaded main app package /usr/lib/obsidian/obsidian.asar
2026-07-29 16:49:17 Checking for update using Github
2026-07-29 16:49:18 Success.
2026-07-29 16:49:18 Latest version is 1.12.7
2026-07-29 16:49:18 App is up to date.
2026-07-29 17:24:44 Loaded main app package /usr/lib/obsidian/obsidian.asar
2026-07-29 17:24:45 Checking for update using Github
2026-07-29 17:24:46 Success.
2026-07-29 17:24:46 Latest version is 1.12.7
2026-07-29 17:24:46 App is up to date.
2026-07-29 18:56:14 Loaded main app package /usr/lib/obsidian/obsidian.asar
2026-07-29 18:56:14 Checking for update using Github
2026-07-29 18:56:14 Success.
2026-07-29 18:56:14 Latest version is 1.12.7
2026-07-29 18:56:14 App is up to date.
2026-07-30 06:58:45 Loaded main app package /usr/lib/obsidian/obsidian.asar
2026-07-30 06:58:46 Checking for update using Github
2026-07-30 06:58:46 Success.
2026-07-30 06:58:46 Latest version is 1.12.7
2026-07-30 06:58:46 App is up to date.
2026-07-30 11:25:57 Loaded main app package /usr/lib/obsidian/obsidian.asar
2026-07-30 11:25:58 Checking for update using Github
2026-07-30 11:25:59 Success.
2026-07-30 11:25:59 Latest version is 1.12.7
2026-07-30 11:25:59 App is up to date.
2026-07-30 13:41:16 Loaded main app package /usr/lib/obsidian/obsidian.asar
2026-07-30 13:41:16 Checking for update using Github
2026-07-30 13:41:17 Success.
2026-07-30 13:41:17 Latest version is 1.12.7
2026-07-30 13:41:17 App is up to date.
2026-07-30 13:48:13 Loaded main app package /usr/lib/obsidian/obsidian.asar
2026-07-30 13:48:13 Checking for update using Github
2026-07-30 13:48:14 Success.
2026-07-30 13:48:14 Latest version is 1.12.7
2026-07-30 13:48:14 App is up to date.
2026-07-31 07:40:57 Loaded main app package /usr/lib/obsidian/obsidian.asar
2026-07-31 07:40:58 Checking for update using Github
2026-07-31 07:40:58 Success.
2026-07-31 07:40:58 Latest version is 1.13.4
2026-07-31 07:40:58 Downloading update from https://github.com/obsidianmd/obsidian-releases/releases/download/v1.13.4/obsidian-1.13.4.asar.gz
2026-07-31 07:41:00 Verifying hash & signature. Size= 8772423
2026-07-31 07:41:00 Saving file
2026-07-31 07:41:01 Update complete.
2026-07-31 09:09:45 Loaded updated app package /home/lunatik/.config/obsidian/obsidian-1.13.4.asar
2026-07-31 09:09:45 Checking for update using Github
2026-07-31 09:09:45 Success.
2026-07-31 09:09:45 Latest version is 1.13.4
2026-07-31 09:09:45 App is up to date.
2026-07-31 10:26:44 Loaded updated app package /home/lunatik/.config/obsidian/obsidian-1.13.4.asar
2026-07-31 10:26:45 Checking for update using Github
2026-07-31 10:26:47 Success.
2026-07-31 10:26:47 Latest version is 1.13.4
2026-07-31 10:26:47 App is up to date.
2026-07-31 15:24:07 Loaded updated app package /home/lunatik/.config/obsidian/obsidian-1.13.4.asar
2026-07-31 15:24:08 Checking for update using Github
2026-07-31 15:24:08 Success.
2026-07-31 15:24:08 Latest version is 1.13.4
2026-07-31 15:24:08 App is up to date.
2026-07-31 15:28:13 Loaded updated app package /home/lunatik/.config/obsidian/obsidian-1.13.4.asar
2026-07-31 15:28:13 Checking for update using Github
2026-07-31 15:28:13 Success.
2026-07-31 15:28:13 Latest version is 1.13.4
2026-07-31 15:28:13 App is up to date.
2026-07-31 17:42:15 Loaded updated app package /home/lunatik/.config/obsidian/obsidian-1.13.4.asar
2026-07-31 17:42:15 Checking for update using Github
2026-07-31 17:42:16 Success.
2026-07-31 17:42:16 Latest version is 1.13.4
2026-07-31 17:42:16 App is up to date.
2026-07-31 17:47:19 Loaded updated app package /home/lunatik/.config/obsidian/obsidian-1.13.4.asar
2026-07-31 17:47:19 Checking for update using Github
2026-07-31 17:47:19 Success.
2026-07-31 17:47:19 Latest version is 1.13.4
2026-07-31 17:47:19 App is up to date.
2026-07-31 18:07:39 Loaded updated app package /home/lunatik/.config/obsidian/obsidian-1.13.4.asar
2026-07-31 18:07:40 Checking for update using Github
2026-07-31 18:07:41 Success.
2026-07-31 18:07:41 Latest version is 1.13.4
2026-07-31 18:07:41 App is up to date.
2026-08-01 06:25:08 Loaded updated app package /home/lunatik/.config/obsidian/obsidian-1.13.4.asar
2026-08-01 06:25:08 Checking for update using Github
2026-08-01 06:25:08 Success.
2026-08-01 06:25:08 Latest version is 1.13.4
2026-08-01 06:25:08 App is up to date.
2026-08-01 06:28:28 Loaded updated app package /home/lunatik/.config/obsidian/obsidian-1.13.4.asar
2026-08-01 06:28:28 Checking for update using Github
2026-08-01 06:28:28 Success.
2026-08-01 06:28:28 Latest version is 1.13.4
2026-08-01 06:28:28 App is up to date.
2026-08-01 06:32:40 Loaded updated app package /home/lunatik/.config/obsidian/obsidian-1.13.4.asar
2026-08-01 06:32:40 Checking for update using Github
2026-08-01 06:32:40 Success.
2026-08-01 06:32:40 Latest version is 1.13.4
2026-08-01 06:32:40 App is up to date.
2026-08-01 10:05:05 Loaded updated app package /home/lunatik/.config/obsidian/obsidian-1.13.4.asar
2026-08-01 10:05:05 Checking for update using Github
2026-08-01 10:05:06 Success.
2026-08-01 10:05:06 Latest version is 1.13.4
2026-08-01 10:05:06 App is up to date.
2026-08-01 10:07:49 Loaded updated app package /home/lunatik/.config/obsidian/obsidian-1.13.4.asar
2026-08-01 10:07:50 Checking for update using Github
2026-08-01 10:07:50 Success.
2026-08-01 10:07:50 Latest version is 1.13.4
2026-08-01 10:07:50 App is up to date.
2026-08-01 10:17:57 Loaded updated app package /home/lunatik/.config/obsidian/obsidian-1.13.4.asar
2026-08-01 10:17:57 Checking for update using Github
2026-08-01 10:17:58 Success.
2026-08-01 10:17:58 Latest version is 1.13.4
2026-08-01 10:17:58 App is up to date.
2026-08-01 10:18:21 Loaded updated app package /home/lunatik/.config/obsidian/obsidian-1.13.4.asar
2026-08-01 10:18:21 Checking for update using Github
2026-08-01 10:18:21 Success.
2026-08-01 10:18:21 Latest version is 1.13.4
2026-08-01 10:18:21 App is up to date.
2026-08-01 12:09:41 Loaded updated app package /home/lunatik/.config/obsidian/obsidian-1.13.4.asar
2026-08-01 12:09:41 Checking for update using Github
2026-08-01 12:09:42 Success.
2026-08-01 12:09:42 Latest version is 1.13.4
2026-08-01 12:09:42 App is up to date.
2026-08-01 12:10:02 Loaded updated app package /home/lunatik/.config/obsidian/obsidian-1.13.4.asar
2026-08-01 12:10:03 Checking for update using Github
2026-08-01 12:10:03 Success.
2026-08-01 12:10:03 Latest version is 1.13.4
2026-08-01 12:10:03 App is up to date.
2026-08-01 13:01:43 Loaded updated app package /home/lunatik/.config/obsidian/obsidian-1.13.4.asar
2026-08-01 13:01:43 Checking for update using Github
2026-08-01 13:01:44 Success.
2026-08-01 13:01:44 Latest version is 1.13.4
2026-08-01 13:01:44 App is up to date.
2026-08-01 18:18:32 Loaded updated app package /home/lunatik/.config/obsidian/obsidian-1.13.4.asar
2026-08-01 18:18:33 Checking for update using Github
2026-08-01 18:18:33 Success.
2026-08-01 18:18:33 Latest version is 1.13.4
2026-08-01 18:18:33 App is up to date.
2026-08-02 06:29:26 Loaded updated app package /home/lunatik/.config/obsidian/obsidian-1.13.4.asar
2026-08-02 06:29:28 Checking for update using Github
2026-08-02 06:29:28 Success.
2026-08-02 06:29:28 Latest version is 1.13.4
2026-08-02 06:29:28 App is up to date.
2026-08-02 06:31:14 Loaded updated app package /home/lunatik/.config/obsidian/obsidian-1.13.4.asar
2026-08-02 06:31:15 Checking for update using Github
2026-08-02 06:31:15 Success.
2026-08-02 06:31:15 Latest version is 1.13.4
2026-08-02 06:31:15 App is up to date.
2026-08-02 07:15:01 Loaded updated app package /home/lunatik/.config/obsidian/obsidian-1.13.4.asar
2026-08-02 07:15:01 Checking for update using Github
2026-08-02 07:15:01 Success.
2026-08-02 07:15:01 Latest version is 1.13.4
2026-08-02 07:15:01 App is up to date.
2026-08-02 07:48:57 Loaded updated app package /home/lunatik/.config/obsidian/obsidian-1.13.4.asar
2026-08-02 07:48:57 Checking for update using Github
2026-08-02 07:48:58 Success.
2026-08-02 07:48:58 Latest version is 1.13.4
2026-08-02 07:48:58 App is up to date.
2026-08-02 11:26:54 Loaded updated app package /home/lunatik/.config/obsidian/obsidian-1.13.4.asar
2026-08-02 11:26:55 Checking for update using Github
2026-08-02 11:26:55 Success.
2026-08-02 11:26:55 Latest version is 1.13.4
2026-08-02 11:26:55 App is up to date.
2026-08-02 13:38:09 Loaded updated app package /home/lunatik/.config/obsidian/obsidian-1.13.4.asar
2026-08-02 13:38:10 Checking for update using Github
2026-08-02 13:38:11 Success.
2026-08-02 13:38:11 Latest version is 1.13.4
2026-08-02 13:38:11 App is up to date.
2026-08-02 15:11:20 Loaded updated app package /home/lunatik/.config/obsidian/obsidian-1.13.4.asar
2026-08-02 15:11:21 Checking for update using Github
2026-08-02 15:11:21 Success.
2026-08-02 15:11:21 Latest version is 1.13.4
2026-08-02 15:11:21 App is up to date.
2026-08-03 06:17:56 Loaded updated app /home/lunatik/.config/obsidian/obsidian-1.13.4.asar
2026-08-03 06:17:57 Checking for update using Github
2026-08-03 06:17:58 Success.
2026-08-03 06:17:58 Latest version is 1.13.4
2026-08-03 06:17:58 App is up to date.
2026-08-03 06:18:44 Loaded updated app /home/lunatik/.config/obsidian/obsidian-1.13.4.asar
2026-08-03 06:18:44 Checking for update using Github
2026-08-03 06:18:44 Success.
2026-08-03 06:18:44 Latest version is 1.13.4
2026-08-03 06:18:44 App is up to date.
2026-08-03 06:19:36 Checking for update using Github
2026-08-03 06:19:36 Success.
2026-08-03 06:19:36 Latest version is 1.13.4
2026-08-03 06:19:36 App is up to date.
2026-08-03 06:19:38 Checking for update using Github
2026-08-03 06:19:38 Success.
2026-08-03 06:19:38 Latest version is 1.13.4
2026-08-03 06:19:38 App is up to date.
2026-08-03 06:19:59 Loaded updated app /home/lunatik/.config/obsidian/obsidian-1.13.4.asar
2026-08-03 06:19:59 Checking for update using Github
2026-08-03 06:20:00 Success.
2026-08-03 06:20:00 Latest version is 1.13.4
2026-08-03 06:20:00 App is up to date.
2026-08-03 06:21:25 Loaded updated app /home/lunatik/.config/obsidian/obsidian-1.13.4.asar
2026-08-03 06:21:25 Checking for update using Github
2026-08-03 06:21:25 Success.
2026-08-03 06:21:25 Latest version is 1.13.4
2026-08-03 06:21:25 App is up to date.
2026-08-03 06:26:07 Loaded updated app /home/lunatik/.config/obsidian/obsidian-1.13.4.asar
2026-08-03 06:26:07 Checking for update using Github
2026-08-03 06:26:07 Success.
2026-08-03 06:26:07 Latest version is 1.13.4
2026-08-03 06:26:07 App is up to date.
2026-08-03 06:26:20 Loaded updated app /home/lunatik/.config/obsidian/obsidian-1.13.4.asar
2026-08-03 06:26:20 Checking for update using Github
2026-08-03 06:26:21 Success.
2026-08-03 06:26:21 Latest version is 1.13.4
2026-08-03 06:26:21 App is up to date.
2026-08-03 06:29:18 Loaded updated app /home/lunatik/.config/obsidian/obsidian-1.13.4.asar
2026-08-03 06:29:19 Checking for update using Github
2026-08-03 06:29:19 Success.
2026-08-03 06:29:19 Latest version is 1.13.4
2026-08-03 06:29:19 App is up to date.
2026-08-03 06:30:29 Loaded updated app /home/lunatik/.config/obsidian/obsidian-1.13.4.asar
2026-08-03 06:30:29 Checking for update using Github
2026-08-03 06:30:29 Success.
2026-08-03 06:30:29 Latest version is 1.13.4
2026-08-03 06:30:29 App is up to date.
2026-08-03 06:31:03 Loaded updated app /home/lunatik/.config/obsidian/obsidian-1.13.4.asar
2026-08-03 06:31:03 Checking for update using Github
2026-08-03 06:31:03 Success.
2026-08-03 06:31:03 Latest version is 1.13.4
2026-08-03 06:31:03 App is up to date.
2026-08-03 06:31:27 Loaded updated app /home/lunatik/.config/obsidian/obsidian-1.13.4.asar
2026-08-03 06:31:28 Checking for update using Github
2026-08-03 06:31:28 Success.
2026-08-03 06:31:28 Latest version is 1.13.4
2026-08-03 06:31:28 App is up to date.
2026-08-03 06:32:02 Loaded updated app /home/lunatik/.config/obsidian/obsidian-1.13.4.asar
2026-08-03 06:32:02 Checking for update using Github
2026-08-03 06:32:02 Success.
2026-08-03 06:32:02 Latest version is 1.13.4
2026-08-03 06:32:02 App is up to date.
2026-08-03 06:32:10 Loaded updated app /home/lunatik/.config/obsidian/obsidian-1.13.4.asar
2026-08-03 06:32:10 Checking for update using Github
2026-08-03 06:32:10 Success.
2026-08-03 06:32:10 Latest version is 1.13.4
2026-08-03 06:32:10 App is up to date.
2026-08-03 06:33:08 Loaded main app package /usr/lib/obsidian/obsidian.asar
2026-08-03 06:33:08 Checking for update using Github
2026-08-03 06:33:08 Success.
2026-08-03 06:33:08 Latest version is 1.13.4
2026-08-03 06:33:08 Downloading update from https://github.com/obsidianmd/obsidian-releases/releases/download/v1.13.4/obsidian-1.13.4.asar.gz
2026-08-03 06:33:10 Verifying hash & signature. Size= 8772423
2026-08-03 06:33:10 Saving file
2026-08-03 06:33:10 Update complete.
2026-08-03 06:33:53 Loaded updated app package /home/lunatik/.config/obsidian/obsidian-1.13.4.asar
2026-08-03 06:33:54 Checking for update using Github
2026-08-03 06:33:54 Success.
2026-08-03 06:33:54 Latest version is 1.13.4
2026-08-03 06:33:54 App is up to date.
2026-08-03 06:34:18 Loaded updated app package /home/lunatik/.config/obsidian/obsidian-1.13.4.asar
2026-08-03 06:34:20 Checking for update using Github
2026-08-03 06:34:20 Success.
2026-08-03 06:34:20 Latest version is 1.13.4
2026-08-03 06:34:20 App is up to date.
2026-08-03 07:33:04 Loaded updated app package /home/lunatik/.config/obsidian/obsidian-1.13.4.asar
2026-08-03 07:33:04 Checking for update using Github
2026-08-03 07:33:04 Success.
2026-08-03 07:33:04 Latest version is 1.13.4
2026-08-03 07:33:04 App is up to date.
2026-08-04 05:44:07 Loaded updated app package /home/lunatik/.config/obsidian/obsidian-1.13.4.asar
2026-08-04 05:44:07 Checking for update using Github
2026-08-04 05:44:08 Success.
2026-08-04 05:44:08 Latest version is 1.13.4
2026-08-04 05:44:08 App is up to date.
2026-08-04 11:42:46 Loaded updated app /home/lunatik/.config/obsidian/obsidian-1.13.4.asar
2026-08-04 11:42:47 Checking for update using Github
2026-08-04 11:42:48 Success.
2026-08-04 11:42:48 Latest version is 1.13.4
2026-08-04 11:42:48 App is up to date.
2026-08-04 11:50:05 Loaded updated app package /home/lunatik/.config/obsidian/obsidian-1.13.4.asar
2026-08-04 11:50:05 Checking for update using Github
2026-08-04 11:50:06 Success.
2026-08-04 11:50:06 Latest version is 1.13.4
2026-08-04 11:50:06 App is up to date.
2026-08-04 12:49:54 Loaded updated app package /home/lunatik/.config/obsidian/obsidian-1.13.4.asar
2026-08-04 12:49:54 Checking for update using Github
2026-08-04 12:49:54 Success.
2026-08-04 12:49:54 Latest version is 1.13.4
2026-08-04 12:49:54 App is up to date.
2026-08-04 12:59:25 Loaded updated app package /home/lunatik/.config/obsidian/obsidian-1.13.4.asar
2026-08-04 12:59:26 Checking for update using Github
2026-08-04 12:59:26 Success.
2026-08-04 12:59:26 Latest version is 1.13.4
2026-08-04 12:59:26 App is up to date.
2026-08-05 07:08:10 Loaded updated app package /home/lunatik/.config/obsidian/obsidian-1.13.4.asar
2026-08-05 07:08:11 Checking for update using Github
2026-08-05 07:08:11 Success.
2026-08-05 07:08:11 Latest version is 1.13.4
2026-08-05 07:08:11 App is up to date.
2026-08-05 07:24:54 Loaded updated app package /home/lunatik/.config/obsidian/obsidian-1.13.4.asar
2026-08-05 07:24:54 Checking for update using Github
2026-08-05 07:24:55 Success.
2026-08-05 07:24:55 Latest version is 1.13.4
2026-08-05 07:24:55 App is up to date.
2026-08-05 07:28:52 Loaded updated app package /home/lunatik/.config/obsidian/obsidian-1.13.4.asar
2026-08-05 07:28:53 Checking for update using Github
2026-08-05 07:28:53 Success.
2026-08-05 07:28:53 Latest version is 1.13.4
2026-08-05 07:28:53 App is up to date.
2026-08-05 07:57:57 Loaded updated app package /home/lunatik/.config/obsidian/obsidian-1.13.4.asar
2026-08-05 07:57:58 Checking for update using Github
2026-08-05 07:57:58 Success.
2026-08-05 07:57:58 Latest version is 1.13.4
2026-08-05 07:57:58 App is up to date.
2026-08-05 08:39:33 Loaded updated app package /home/lunatik/.config/obsidian/obsidian-1.13.4.asar
2026-08-05 08:39:34 Checking for update using Github
2026-08-05 08:39:34 Success.
2026-08-05 08:39:34 Latest version is 1.13.4
2026-08-05 08:39:34 App is up to date.
2026-08-05 08:45:49 Loaded updated app package /home/lunatik/.config/obsidian/obsidian-1.13.4.asar
2026-08-05 08:45:49 Checking for update using Github
2026-08-05 08:45:49 Success.
2026-08-05 08:45:49 Latest version is 1.13.4
2026-08-05 08:45:49 App is up to date.
2026-08-05 11:37:25 Loaded updated app package /home/lunatik/.config/obsidian/obsidian-1.13.4.asar
2026-08-05 11:37:25 Checking for update using Github
2026-08-05 11:37:25 Success.
2026-08-05 11:37:25 Latest version is 1.13.4
2026-08-05 11:37:25 App is up to date.
2026-08-05 11:58:47 Loaded updated app package /home/lunatik/.config/obsidian/obsidian-1.13.4.asar
2026-08-05 11:58:48 Checking for update using Github
2026-08-05 11:58:48 Success.
2026-08-05 11:58:48 Latest version is 1.13.4
2026-08-05 11:58:48 App is up to date.
2026-08-05 18:23:50 Loaded updated app package /home/lunatik/.config/obsidian/obsidian-1.13.4.asar
2026-08-05 18:23:51 Checking for update using Github
2026-08-05 18:23:52 Success.
2026-08-05 18:23:52 Latest version is 1.13.4
2026-08-05 18:23:52 App is up to date.
2026-08-05 18:26:27 Loaded updated app package /home/lunatik/.config/obsidian/obsidian-1.13.4.asar
2026-08-05 18:26:28 Checking for update using Github
2026-08-05 18:26:28 Success.
2026-08-05 18:26:28 Latest version is 1.13.4
2026-08-05 18:26:28 App is up to date.
2026-08-05 18:26:43 Loaded updated app /home/lunatik/.config/obsidian/obsidian-1.13.4.asar
2026-08-05 18:26:43 Checking for update using Github
2026-08-05 18:26:43 Success.
2026-08-05 18:26:43 Latest version is 1.13.4
2026-08-05 18:26:43 App is up to date.
2026-08-05 18:27:08 Loaded updated app package /home/lunatik/.config/obsidian/obsidian-1.13.4.asar
2026-08-05 18:27:09 Checking for update using Github
2026-08-05 18:27:09 Success.
2026-08-05 18:27:09 Latest version is 1.13.4
2026-08-05 18:27:09 App is up to date.
2026-08-07 16:21:14 Loaded updated app package /home/lunatik/.config/obsidian/obsidian-1.13.4.asar
2026-08-07 16:21:14 Checking for update using Github
2026-08-07 16:21:14 Success.
2026-08-07 16:21:14 Latest version is 1.13.4
2026-08-07 16:21:14 App is up to date.
2026-08-07 16:23:26 Loaded updated app package /home/lunatik/.config/obsidian/obsidian-1.13.4.asar
2026-08-07 16:23:26 Checking for update using Github
2026-08-07 16:23:26 Success.
2026-08-07 16:23:26 Latest version is 1.13.4
2026-08-07 16:23:26 App is up to date.
2026-08-08 07:08:34 Loaded updated app /home/lunatik/.config/obsidian/obsidian-1.13.4.asar
2026-08-08 07:08:35 Checking for update using Github
2026-08-08 07:09:06 Loaded updated app package /home/lunatik/.config/obsidian/obsidian-1.13.4.asar
2026-08-08 07:09:07 Checking for update using Github
2026-08-08 07:09:07 Success.
2026-08-08 07:09:07 Latest version is 1.13.4
2026-08-08 07:09:07 App is up to date.
2026-08-08 08:22:01 Loaded updated app package /home/lunatik/.config/obsidian/obsidian-1.13.4.asar
2026-08-08 08:22:01 Checking for update using Github
2026-08-08 08:22:01 Success.
2026-08-08 08:22:01 Latest version is 1.13.4
2026-08-08 08:22:01 App is up to date.
2026-08-08 11:40:02 Loaded updated app package /home/lunatik/.config/obsidian/obsidian-1.13.4.asar
2026-08-08 11:40:03 Checking for update using Github
2026-08-08 11:40:04 Success.
2026-08-08 11:40:04 Latest version is 1.13.4
2026-08-08 11:40:04 App is up to date.
2026-08-08 12:06:32 Loaded updated app package /home/lunatik/.config/obsidian/obsidian-1.13.4.asar
2026-08-08 12:06:33 Checking for update using Github
2026-08-08 12:06:33 Success.
2026-08-08 12:06:33 Latest version is 1.13.4
2026-08-08 12:06:33 App is up to date.
2026-08-10 11:02:54 Loaded updated app package /home/lunatik/.config/obsidian/obsidian-1.13.4.asar
2026-08-10 11:02:54 Checking for update using Github
2026-08-10 11:02:54 Success.
2026-08-10 11:02:54 Latest version is 1.13.4
2026-08-10 11:02:54 App is up to date.
2026-08-10 13:45:21 Loaded updated app package /home/lunatik/.config/obsidian/obsidian-1.13.4.asar
2026-08-10 13:45:22 Checking for update using Github
2026-08-10 13:45:22 Success.
2026-08-10 13:45:22 Latest version is 1.13.4
2026-08-10 13:45:22 App is up to date.
2026-08-12 06:40:11 Loaded updated app package /home/lunatik/.config/obsidian/obsidian-1.13.4.asar
2026-08-12 06:41:07 Loaded updated app package /home/lunatik/.config/obsidian/obsidian-1.13.4.asar
2026-08-12 06:41:08 Checking for update using Github
2026-08-12 06:45:09 Failed to check for update using Github (net::ERR_TIMED_OUT)
2026-08-12 06:45:09 Checking for update using obsidian.md
2026-08-12 06:45:09 Failed to check for update using obsidian.md (net::ERR_TIMED_OUT)
2026-08-13 05:48:51 Loaded updated app package /home/lunatik/.config/obsidian/obsidian-1.13.4.asar
2026-08-13 05:48:51 Checking for update using Github
2026-08-13 05:48:52 Success.
2026-08-13 05:48:52 Latest version is 1.13.7
2026-08-13 05:48:52 Downloading update from https://github.com/obsidianmd/obsidian-releases/releases/download/v1.13.7/obsidian-1.13.7.asar.gz
2026-08-13 05:48:54 Verifying hash & signature. Size= 8773048
2026-08-13 05:48:54 Saving file
2026-08-13 05:48:55 Update complete.
2026-08-13 07:57:55 Loaded updated app /home/lunatik/.config/obsidian/obsidian-1.13.7.asar
2026-08-13 07:57:55 Checking for update using Github
2026-08-13 07:57:56 Success.
2026-08-13 07:57:56 Latest version is 1.13.7
2026-08-13 07:57:56 App is up to date.
2026-08-13 08:00:39 Loaded updated app package /home/lunatik/.config/obsidian/obsidian-1.13.7.asar
2026-08-13 08:00:39 Checking for update using Github
2026-08-13 08:00:40 Success.
2026-08-13 08:00:40 Latest version is 1.13.7
2026-08-13 08:00:40 App is up to date.
2026-08-13 08:00:57 Loaded updated app /home/lunatik/.config/obsidian/obsidian-1.13.7.asar
2026-08-13 08:00:57 Checking for update using Github
2026-08-13 08:00:57 Success.
2026-08-13 08:00:57 Latest version is 1.13.7
2026-08-13 08:00:57 App is up to date.
2026-08-16 09:05:19 Loaded updated app package /home/lunatik/.config/obsidian/obsidian-1.13.7.asar
2026-08-16 09:05:19 Checking for update using Github
2026-08-16 09:05:20 Success.
2026-08-16 09:05:20 Latest version is 1.13.7
2026-08-16 09:05:20 App is up to date.
2026-08-18 17:37:59 Loaded updated app package /home/lunatik/.config/obsidian/obsidian-1.13.7.asar
2026-08-18 17:38:00 Checking for update using Github
2026-08-18 17:38:00 Success.
2026-08-18 17:38:00 Latest version is 1.13.7
2026-08-18 17:38:00 App is up to date.
2026-08-19 13:46:14 Loaded updated app package /home/lunatik/.config/obsidian/obsidian-1.13.7.asar
2026-08-19 13:46:14 Checking for update using Github
2026-08-19 13:46:15 Success.
2026-08-19 13:46:15 Latest version is 1.13.7
2026-08-19 13:46:15 App is up to date.
2026-08-22 06:07:57 Loaded updated app package /home/lunatik/.config/obsidian/obsidian-1.13.7.asar
2026-08-22 06:07:57 Checking for update using Github
2026-08-22 06:07:57 Failed to check for update using Github (net::ERR_INTERNET_DISCONNECTED)
2026-08-22 06:07:57 Checking for update using obsidian.md
2026-08-22 06:07:57 Failed to check for update using obsidian.md (net::ERR_INTERNET_DISCONNECTED)
2026-08-22 06:48:58 Loaded updated app package /home/lunatik/.config/obsidian/obsidian-1.13.7.asar
2026-08-22 06:48:58 Checking for update using Github
2026-08-22 06:48:58 Failed to check for update using Github (net::ERR_INTERNET_DISCONNECTED)
2026-08-22 06:48:58 Checking for update using obsidian.md
2026-08-22 06:48:58 Failed to check for update using obsidian.md (net::ERR_INTERNET_DISCONNECTED)
2026-08-22 06:54:06 Loaded updated app package /home/lunatik/.config/obsidian/obsidian-1.13.7.asar
2026-08-22 06:54:06 Checking for update using Github
2026-08-22 06:54:06 Failed to check for update using Github (net::ERR_INTERNET_DISCONNECTED)
2026-08-22 06:54:06 Checking for update using obsidian.md
2026-08-22 06:54:06 Failed to check for update using obsidian.md (net::ERR_INTERNET_DISCONNECTED)
2026-08-22 07:53:45 Checking for update using Github
2026-08-22 07:53:45 Failed to check for update using Github (net::ERR_INTERNET_DISCONNECTED)
2026-08-22 07:53:45 Checking for update using obsidian.md
2026-08-22 07:53:45 Failed to check for update using obsidian.md (net::ERR_INTERNET_DISCONNECTED)
2026-08-23 16:00:08 Loaded updated app package /home/lunatik/.config/obsidian/obsidian-1.13.7.asar
2026-08-23 16:00:08 Checking for update using Github
2026-08-23 16:00:09 Success.
2026-08-23 16:00:09 Latest version is 1.13.7
2026-08-23 16:00:09 App is up to date.
2026-08-23 18:07:39 Loaded updated app package /home/lunatik/.config/obsidian/obsidian-1.13.7.asar
2026-08-23 18:07:39 Checking for update using Github
2026-08-23 18:07:39 Success.
2026-08-23 18:07:39 Latest version is 1.13.7
2026-08-23 18:07:39 App is up to date.
2026-08-23 18:07:46 Loaded updated app package /home/lunatik/.config/obsidian/obsidian-1.13.7.asar
2026-08-23 18:07:46 Checking for update using Github
2026-08-23 18:07:46 Success.
2026-08-23 18:07:46 Latest version is 1.13.7
2026-08-23 18:07:46 App is up to date.
2026-08-24 06:18:43 Loaded updated app package /home/lunatik/.config/obsidian/obsidian-1.13.7.asar
2026-08-24 06:18:44 Checking for update using Github
2026-08-24 06:18:44 Failed to check for update using Github (net::ERR_INTERNET_DISCONNECTED)
2026-08-24 06:18:44 Checking for update using obsidian.md
2026-08-24 06:18:44 Failed to check for update using obsidian.md (net::ERR_INTERNET_DISCONNECTED)
2026-08-26 07:31:08 Loaded updated app package /home/lunatik/.config/obsidian/obsidian-1.13.7.asar
2026-08-26 07:31:09 Checking for update using Github
2026-08-26 07:31:09 Failed to check for update using Github (net::ERR_INTERNET_DISCONNECTED)
2026-08-26 07:31:09 Checking for update using obsidian.md
2026-08-26 07:31:09 Failed to check for update using obsidian.md (net::ERR_INTERNET_DISCONNECTED)
2026-08-27 17:28:30 Loaded updated app package /home/lunatik/.config/obsidian/obsidian-1.13.7.asar
2026-08-27 17:28:31 Checking for update using Github
2026-08-27 17:28:31 Success.
2026-08-27 17:28:31 Latest version is 1.13.7
2026-08-27 17:28:31 App is up to date.
2026-08-27 17:34:49 Loaded updated app package /home/lunatik/.config/obsidian/obsidian-1.13.7.asar
2026-08-27 17:34:49 Checking for update using Github
2026-08-27 17:34:49 Failed to check for update using Github (net::ERR_INTERNET_DISCONNECTED)
2026-08-27 17:34:49 Checking for update using obsidian.md
2026-08-27 17:34:49 Failed to check for update using obsidian.md (net::ERR_INTERNET_DISCONNECTED)
2026-08-27 17:49:44 Loaded updated app package /home/lunatik/.config/obsidian/obsidian-1.13.7.asar
2026-08-27 17:49:45 Checking for update using Github
2026-08-27 17:49:45 Failed to check for update using Github (net::ERR_INTERNET_DISCONNECTED)
2026-08-27 17:49:45 Checking for update using obsidian.md
2026-08-27 17:49:45 Failed to check for update using obsidian.md (net::ERR_INTERNET_DISCONNECTED)
2026-08-27 18:49:44 Checking for update using Github
2026-08-27 18:49:44 Failed to check for update using Github (net::ERR_INTERNET_DISCONNECTED)
2026-08-27 18:49:44 Checking for update using obsidian.md
2026-08-27 18:49:44 Failed to check for update using obsidian.md (net::ERR_INTERNET_DISCONNECTED)
2026-08-28 07:12:53 Loaded updated app package /home/lunatik/.config/obsidian/obsidian-1.13.7.asar
2026-08-28 07:12:53 Checking for update using Github
2026-08-28 07:12:53 Failed to check for update using Github (net::ERR_INTERNET_DISCONNECTED)
2026-08-28 07:12:53 Checking for update using obsidian.md
2026-08-28 07:12:53 Failed to check for update using obsidian.md (net::ERR_INTERNET_DISCONNECTED)
2026-08-28 11:14:30 Loaded updated app package /home/lunatik/.config/obsidian/obsidian-1.13.7.asar
2026-08-28 11:14:30 Checking for update using Github
2026-08-28 11:14:31 Failed to check for update using Github (net::ERR_INTERNET_DISCONNECTED)
2026-08-28 11:14:31 Checking for update using obsidian.md
2026-08-28 11:14:31 Failed to check for update using obsidian.md (net::ERR_INTERNET_DISCONNECTED)
2026-08-29 08:56:35 Loaded updated app package /home/lunatik/.config/obsidian/obsidian-1.13.7.asar
2026-08-29 08:56:35 Checking for update using Github
2026-08-29 08:56:36 Success.
2026-08-29 08:56:36 Latest version is 1.13.7
2026-08-29 08:56:36 App is up to date.
2026-08-29 13:59:40 Loaded updated app package /home/lunatik/.config/obsidian/obsidian-1.13.7.asar
2026-08-29 13:59:41 Checking for update using Github
2026-08-29 13:59:41 Success.
2026-08-29 13:59:41 Latest version is 1.13.7
2026-08-29 13:59:41 App is up to date.
2026-08-29 14:03:02 Loaded updated app package /home/lunatik/.config/obsidian/obsidian-1.13.7.asar
2026-08-29 14:03:03 Checking for update using Github
2026-08-29 14:03:03 Success.
2026-08-29 14:03:03 Latest version is 1.13.7
2026-08-29 14:03:03 App is up to date.
2026-08-30 13:12:18 Loaded updated app package /home/lunatik/.config/obsidian/obsidian-1.13.7.asar
2026-08-30 13:12:18 Checking for update using Github
2026-08-30 13:12:19 Success.
2026-08-30 13:12:19 Latest version is 1.13.7
2026-08-30 13:12:19 App is up to date.
2026-08-30 15:26:59 Loaded updated app package /home/lunatik/.config/obsidian/obsidian-1.13.7.asar
2026-08-30 15:27:00 Checking for update using Github
2026-08-30 15:27:00 Success.
2026-08-30 15:27:00 Latest version is 1.13.7
2026-08-30 15:27:00 App is up to date.
2026-08-31 05:24:09 Loaded updated app package /home/lunatik/.config/obsidian/obsidian-1.13.7.asar
2026-08-31 05:24:10 Checking for update using Github
2026-08-31 05:24:10 Success.
2026-08-31 05:24:10 Latest version is 1.13.7
2026-08-31 05:24:10 App is up to date.
2026-08-31 05:26:48 Loaded updated app package /home/lunatik/.config/obsidian/obsidian-1.13.7.asar
2026-08-31 05:26:49 Checking for update using Github
2026-08-31 05:26:49 Success.
2026-08-31 05:26:49 Latest version is 1.13.7
2026-08-31 05:26:49 App is up to date.
2026-08-31 05:27:48 Loaded updated app package /home/lunatik/.config/obsidian/obsidian-1.13.7.asar
2026-08-31 05:27:48 Checking for update using Github
2026-08-31 05:27:48 Success.
2026-08-31 05:27:48 Latest version is 1.13.7
2026-08-31 05:27:48 App is up to date.
2026-08-31 05:40:27 Loaded updated app package /home/lunatik/.config/obsidian/obsidian-1.13.7.asar
2026-08-31 05:40:27 Checking for update using Github
2026-08-31 05:40:28 Success.
2026-08-31 05:40:28 Latest version is 1.13.7
2026-08-31 05:40:28 App is up to date.
